2026-08-15 22:39:02.486 [cluster-ClusterId{value='6a79921b2fdc0a0dc8baaae7', description='null'}-ac-yvahw3i-shard-00-00.qozzmhm.mongodb.net:27017] [34mINFO [0;39m org.mongodb.driver.cluster - Exception in monitor thread while connecting to server ac-yvahw3i-shard-00-00.qozzmhm.mongodb.net:27017
com.mongodb.MongoSocketReadTimeoutException: Timeout while receiving message
	at com.mongodb.internal.connection.InternalStreamConnection.translateReadException(InternalStreamConnection.java:701)
	at com.mongodb.internal.connection.InternalStreamConnection.receiveMessageWithAdditionalTimeout(InternalStreamConnection.java:579)
	at com.mongodb.internal.connection.InternalStreamConnection.receiveCommandMessageResponse(InternalStreamConnection.java:415)
	at com.mongodb.internal.connection.InternalStreamConnection.receive(InternalStreamConnection.java:374)
	at com.mongodb.internal.connection.DefaultServerMonitor$ServerMonitorRunnable.lookupServerDescription(DefaultServerMonitor.java:216)
	at com.mongodb.internal.connection.DefaultServerMonitor$ServerMonitorRunnable.run(DefaultServerMonitor.java:152)
	at java.base/java.lang.Thread.run(Thread.java:842)
Caused by: java.net.SocketTimeoutException: Read timed out
	at java.base/sun.nio.ch.NioSocketImpl.timedRead(NioSocketImpl.java:288)
	at java.base/sun.nio.ch.NioSocketImpl.implRead(NioSocketImpl.java:314)
	at java.base/sun.nio.ch.NioSocketImpl.read(NioSocketImpl.java:355)
	at java.base/sun.nio.ch.NioSocketImpl$1.read(NioSocketImpl.java:808)
	at java.base/java.net.Socket$SocketInputStream.read(Socket.java:966)
	at java.base/sun.security.ssl.SSLSocketInputRecord.read(SSLSocketInputRecord.java:484)
	at java.base/sun.security.ssl.SSLSocketInputRecord.readHeader(SSLSocketInputRecord.java:478)
	at java.base/sun.security.ssl.SSLSocketInputRecord.bytesInCompletePacket(SSLSocketInputRecord.java:70)
	at java.base/sun.security.ssl.SSLSocketImpl.readApplicationRecord(SSLSocketImpl.java:1461)
	at java.base/sun.security.ssl.SSLSocketImpl$AppInputStream.read(SSLSocketImpl.java:1065)
	at com.mongodb.internal.connection.SocketStream.read(SocketStream.java:109)
	at com.mongodb.internal.connection.SocketStream.read(SocketStream.java:131)
	at com.mongodb.internal.connection.InternalStreamConnection.receiveResponseBuffers(InternalStreamConnection.java:718)
	at com.mongodb.internal.connection.InternalStreamConnection.receiveMessageWithAdditionalTimeout(InternalStreamConnection.java:576)
	... 5 common frames omitted
2026-08-15 22:39:02.794 [cluster-ClusterId{value='6a79921b2fdc0a0dc8baaae7', description='null'}-ac-yvahw3i-shard-00-02.qozzmhm.mongodb.net:27017] [34mINFO [0;39m org.mongodb.driver.cluster - Exception in monitor thread while connecting to server ac-yvahw3i-shard-00-02.qozzmhm.mongodb.net:27017
com.mongodb.MongoSocketReadTimeoutException: Timeout while receiving message
	at com.mongodb.internal.connection.InternalStreamConnection.translateReadException(InternalStreamConnection.java:701)
	at com.mongodb.internal.connection.InternalStreamConnection.receiveMessageWithAdditionalTimeout(InternalStreamConnection.java:579)
	at com.mongodb.internal.connection.InternalStreamConnection.receiveCommandMessageResponse(InternalStreamConnection.java:415)
	at com.mongodb.internal.connection.InternalStreamConnection.receive(InternalStreamConnection.java:374)
	at com.mongodb.internal.connection.DefaultServerMonitor$ServerMonitorRunnable.lookupServerDescription(DefaultServerMonitor.java:216)
	at com.mongodb.internal.connection.DefaultServerMonitor$ServerMonitorRunnable.run(DefaultServerMonitor.java:152)
	at java.base/java.lang.Thread.run(Thread.java:842)
Caused by: java.net.SocketTimeoutException: Read timed out
	at java.base/sun.nio.ch.NioSocketImpl.timedRead(NioSocketImpl.java:288)
	at java.base/sun.nio.ch.NioSocketImpl.implRead(NioSocketImpl.java:314)
	at java.base/sun.nio.ch.NioSocketImpl.read(NioSocketImpl.java:355)
	at java.base/sun.nio.ch.NioSocketImpl$1.read(NioSocketImpl.java:808)
	at java.base/java.net.Socket$SocketInputStream.read(Socket.java:966)
	at java.base/sun.security.ssl.SSLSocketInputRecord.read(SSLSocketInputRecord.java:484)
	at java.base/sun.security.ssl.SSLSocketInputRecord.readHeader(SSLSocketInputRecord.java:478)
	at java.base/sun.security.ssl.SSLSocketInputRecord.bytesInCompletePacket(SSLSocketInputRecord.java:70)
	at java.base/sun.security.ssl.SSLSocketImpl.readApplicationRecord(SSLSocketImpl.java:1461)
	at java.base/sun.security.ssl.SSLSocketImpl$AppInputStream.read(SSLSocketImpl.java:1065)
	at com.mongodb.internal.connection.SocketStream.read(SocketStream.java:109)
	at com.mongodb.internal.connection.SocketStream.read(SocketStream.java:131)
	at com.mongodb.internal.connection.InternalStreamConnection.receiveResponseBuffers(InternalStreamConnection.java:718)
	at com.mongodb.internal.connection.InternalStreamConnection.receiveMessageWithAdditionalTimeout(InternalStreamConnection.java:576)
	... 5 common frames omitted
2026-08-15 22:39:03.420 [cluster-ClusterId{value='6a79921b2fdc0a0dc8baaae7', description='null'}-ac-yvahw3i-shard-00-00.qozzmhm.mongodb.net:27017] [34mINFO [0;39m org.mongodb.driver.connection - Opened connection [connectionId{localValue:180, serverValue:174748}] to ac-yvahw3i-shard-00-00.qozzmhm.mongodb.net:27017
2026-08-15 22:39:03.464 [cluster-ClusterId{value='6a79921b2fdc0a0dc8baaae7', description='null'}-ac-yvahw3i-shard-00-00.qozzmhm.mongodb.net:27017] [34mINFO [0;39m org.mongodb.driver.cluster - Monitor thread successfully connected to server with description ServerDescription{address=ac-yvahw3i-shard-00-00.qozzmhm.mongodb.net:27017, type=REPLICA_SET_SECONDARY, state=CONNECTED, ok=true, minWireVersion=0, maxWireVersion=25, maxDocumentSize=16777216, logicalSessionTimeoutMinutes=30, roundTripTimeNanos=579101200, setName='atlas-km0nio-shard-0', canonicalAddress=ac-yvahw3i-shard-00-00.qozzmhm.mongodb.net:27017, hosts=[ac-yvahw3i-shard-00-01.qozzmhm.mongodb.net:27017, ac-yvahw3i-shard-00-02.qozzmhm.mongodb.net:27017, ac-yvahw3i-shard-00-00.qozzmhm.mongodb.net:27017], passives=[], arbiters=[], primary='ac-yvahw3i-shard-00-02.qozzmhm.mongodb.net:27017', tagSet=TagSet{[Tag{name='availabilityZone', value='aps1-az1'}, Tag{name='cacheState', value='READY'}, Tag{name='diskState', value='READY'}, Tag{name='nodeType', value='ELECTABLE'}, Tag{name='provider', value='AWS'}, Tag{name='region', value='AP_SOUTH_1'}, Tag{name='workloadType', value='OPERATIONAL'}]}, electionId=null, setVersion=378, topologyVersion=TopologyVersion{processId=6a7b3b7861e9f32ed6a5fded, counter=10}, lastWriteDate=Sat Aug 15 22:39:03 IST 2026, lastUpdateTimeNanos=2023837081942900}
2026-08-15 22:39:03.803 [cluster-ClusterId{value='6a79921b2fdc0a0dc8baaae7', description='null'}-ac-yvahw3i-shard-00-02.qozzmhm.mongodb.net:27017] [34mINFO [0;39m org.mongodb.driver.connection - Opened connection [connectionId{localValue:181, serverValue:178438}] to ac-yvahw3i-shard-00-02.qozzmhm.mongodb.net:27017
2026-08-15 22:39:03.804 [cluster-ClusterId{value='6a79921b2fdc0a0dc8baaae7', description='null'}-ac-yvahw3i-shard-00-02.qozzmhm.mongodb.net:27017] [34mINFO [0;39m org.mongodb.driver.cluster - Monitor thread successfully connected to server with description ServerDescription{address=ac-yvahw3i-shard-00-02.qozzmhm.mongodb.net:27017, type=REPLICA_SET_PRIMARY, state=CONNECTED, ok=true, minWireVersion=0, maxWireVersion=25, maxDocumentSize=16777216, logicalSessionTimeoutMinutes=30, roundTripTimeNanos=630541900, setName='atlas-km0nio-shard-0', canonicalAddress=ac-yvahw3i-shard-00-02.qozzmhm.mongodb.net:27017, hosts=[ac-yvahw3i-shard-00-01.qozzmhm.mongodb.net:27017, ac-yvahw3i-shard-00-02.qozzmhm.mongodb.net:27017, ac-yvahw3i-shard-00-00.qozzmhm.mongodb.net:27017], passives=[], arbiters=[], primary='ac-yvahw3i-shard-00-02.qozzmhm.mongodb.net:27017', tagSet=TagSet{[Tag{name='availabilityZone', value='aps1-az2'}, Tag{name='cacheState', value='READY'}, Tag{name='diskState', value='READY'}, Tag{name='nodeType', value='ELECTABLE'}, Tag{name='provider', value='AWS'}, Tag{name='region', value='AP_SOUTH_1'}, Tag{name='workloadType', value='OPERATIONAL'}]}, electionId=7fffffff0000000000000178, setVersion=378, topologyVersion=TopologyVersion{processId=6a7b3d428406c2e6b09c3859, counter=10}, lastWriteDate=Sat Aug 15 22:39:03 IST 2026, lastUpdateTimeNanos=2023837463323900}
2026-08-15 22:39:03.804 [cluster-ClusterId{value='6a79921b2fdc0a0dc8baaae7', description='null'}-ac-yvahw3i-shard-00-02.qozzmhm.mongodb.net:27017] [34mINFO [0;39m org.mongodb.driver.cluster - Discovered replica set primary ac-yvahw3i-shard-00-02.qozzmhm.mongodb.net:27017
